// Jest Snapshot v1, https://goo.gl/fbAQLP

exports[`Accordion  should render custom classnames 1`] = `
<div
  class="class-test"
  data-testid="accordion"
>
  <div
    data-state="closed"
    data-testid="accordion-item"
  >
    <h3
      data-state="closed"
      data-testid="accordion-header"
    >
      <button
        aria-controls="radix-:r1:"
        aria-expanded="false"
        class="group flex w-full flex-row items-center justify-between bg-transparent"
        data-radix-collection-item=""
        data-state="closed"
        data-testid="accordion-trigger"
        id="radix-:r0:"
        type="button"
      >
        <h3>
          Section 1 header
        </h3>
        <svg
          aria-hidden="true"
          class="transition duration-300 group-data-[state=open]:rotate-180 group-data-[state=open]:transform"
          fill="currentColor"
          focusable="false"
          height="16"
          preserveAspectRatio="xMidYMid meet"
          viewBox="0 0 16 16"
          width="16"
          xmlns="http://www.w3.org/2000/svg"
        >
          <path
            d="M8 11L3 6 3.7 5.3 8 9.6 12.3 5.3 13 6z"
          />
        </svg>
      </button>
    </h3>
    <div
      aria-labelledby="radix-:r0:"
      data-state="closed"
      data-testid="accordion-content-text"
      hidden=""
      id="radix-:r1:"
      role="region"
      style="--radix-accordion-content-height: var(--radix-collapsible-content-height); --radix-accordion-content-width: var(--radix-collapsible-content-width);"
    />
  </div>
  <div
    data-state="closed"
    data-testid="accordion-item"
  >
    <h3
      data-state="closed"
      data-testid="accordion-header"
    >
      <button
        aria-controls="radix-:r3:"
        aria-expanded="false"
        class="group flex w-full flex-row items-center justify-between bg-transparent"
        data-radix-collection-item=""
        data-state="closed"
        data-testid="accordion-trigger"
        id="radix-:r2:"
        type="button"
      >
        <h3>
          Section 2 header
        </h3>
        <svg
          aria-hidden="true"
          class="transition duration-300 group-data-[state=open]:rotate-180 group-data-[state=open]:transform"
          fill="currentColor"
          focusable="false"
          height="16"
          preserveAspectRatio="xMidYMid meet"
          viewBox="0 0 16 16"
          width="16"
          xmlns="http://www.w3.org/2000/svg"
        >
          <path
            d="M8 11L3 6 3.7 5.3 8 9.6 12.3 5.3 13 6z"
          />
        </svg>
      </button>
    </h3>
    <div
      aria-labelledby="radix-:r2:"
      data-state="closed"
      data-testid="accordion-content-text"
      hidden=""
      id="radix-:r3:"
      role="region"
      style="--radix-accordion-content-height: var(--radix-collapsible-content-height); --radix-accordion-content-width: var(--radix-collapsible-content-width);"
    />
  </div>
  <div
    data-state="closed"
    data-testid="accordion-item"
  >
    <h3
      data-state="closed"
      data-testid="accordion-header"
    >
      <button
        aria-controls="radix-:r5:"
        aria-expanded="false"
        class="group flex w-full flex-row items-center justify-between bg-transparent"
        data-radix-collection-item=""
        data-state="closed"
        data-testid="accordion-trigger"
        id="radix-:r4:"
        type="button"
      >
        <h3>
          Section 3 header
        </h3>
        <svg
          aria-hidden="true"
          class="transition duration-300 group-data-[state=open]:rotate-180 group-data-[state=open]:transform"
          fill="currentColor"
          focusable="false"
          height="16"
          preserveAspectRatio="xMidYMid meet"
          viewBox="0 0 16 16"
          width="16"
          xmlns="http://www.w3.org/2000/svg"
        >
          <path
            d="M8 11L3 6 3.7 5.3 8 9.6 12.3 5.3 13 6z"
          />
        </svg>
      </button>
    </h3>
    <div
      aria-labelledby="radix-:r4:"
      data-state="closed"
      data-testid="accordion-content-text"
      hidden=""
      id="radix-:r5:"
      role="region"
      style="--radix-accordion-content-height: var(--radix-collapsible-content-height); --radix-accordion-content-width: var(--radix-collapsible-content-width);"
    />
  </div>
</div>
`;
